Rscript -e "bookdown::render_book('index.Rmd', 'bookdown::gitbook'); warnings()"


processing file: index.Rmd
  |                                                                         |                                                                 |   0%  |                                                                         |...........                                                      |  17%
   inline R code fragments

  |                                                                         |......................                                           |  33%
label: setup (with options) 
List of 1
 $ include: logi FALSE

  |                                                                         |................................                                 |  50%
  ordinary text without R code

  |                                                                         |...........................................                      |  67%
label: logo (with options) 
List of 4
 $ echo     : logi FALSE
 $ out.width: chr "50%"
 $ fig.align: chr "center"
 $ fig.cap  : chr "Speak not of madness, oh you who count from zero."

  |                                                                         |......................................................           |  83%
  ordinary text without R code

  |                                                                         |.................................................................| 100%
label: links (with options) 
List of 1
 $ child: chr "etc/links.md"



processing file: ./etc/links.md
  |                                                                         |                                                                 |   0%  |                                                                         |.................................................................| 100%
  ordinary text without R code



output file: index.knit.md



processing file: basics.Rmd
  |                                                                         |                                                                 |   0%  |                                                                         |.                                                                |   1%
  ordinary text without R code

  |                                                                         |.                                                                |   2%
label: setup (with options) 
List of 1
 $ include: logi FALSE

  |                                                                         |..                                                               |   3%
  ordinary text without R code

  |                                                                         |..                                                               |   4%
label: questions (with options) 
List of 1
 $ child: chr "questions/basics.md"



processing file: ./questions/basics.md
  |                                                                         |                                                                 |   0%  |                                                                         |.................................................................| 100%
  ordinary text without R code


  |                                                                         |...                                                              |   5%
  ordinary text without R code

  |                                                                         |....                                                             |   6%
label: objectives (with options) 
List of 1
 $ child: chr "objectives/basics.md"



processing file: ./objectives/basics.md
  |                                                                         |                                                                 |   0%  |                                                                         |.................................................................| 100%
  ordinary text without R code



  ordinary text without R code

  |                                                                         |.....                                                            |   7%
label: xkcd (with options) 
List of 2
 $ echo   : logi FALSE
 $ fig.cap: chr "XKCD on Python Environments (from https://xkcd.com/1987/)"

  |                                                                         |.....                                                            |   8%
  ordinary text without R code

  |                                                                         |......                                                           |   9%
label: python-hello (with options) 
List of 1
 $ engine: chr "python"

  |                                                                         |.......                                                          |  10%
  ordinary text without R code

  |                                                                         |.......                                                          |  11%
label: r-hello
  |                                                                         |........                                                         |  12%
  ordinary text without R code

  |                                                                         |........                                                         |  13%
label: r-quotes
  |                                                                         |.........                                                        |  14%
  ordinary text without R code

  |                                                                         |..........                                                       |  15%
label: python-addition (with options) 
List of 1
 $ engine: chr "python"

  |                                                                         |..........                                                       |  16%
  ordinary text without R code

  |                                                                         |...........                                                      |  17%
label: python-type (with options) 
List of 1
 $ engine: chr "python"


  ordinary text without R code

  |                                                                         |............                                                     |  18%
label: r-addition
  |                                                                         |.............                                                    |  19%
label: r-typeof
  |                                                                         |.............                                                    |  20%
  ordinary text without R code

  |                                                                         |..............                                                   |  21%
label: typeof-6
  |                                                                         |..............                                                   |  22%
  ordinary text without R code

  |                                                                         |...............                                                  |  23%
label: typeof-6-int
  |                                                                         |................                                                 |  24%
  ordinary text without R code

  |                                                                         |................                                                 |  25%
label: integer-addition
  |                                                                         |.................                                                |  26%
  ordinary text without R code

  |                                                                         |.................                                                |  27%
label: convert-to-integer
  |                                                                         |..................                                               |  28%
  ordinary text without R code


label: python-list (with options) 
List of 1
 $ engine: chr "python"

  |                                                                         |...................                                              |  29%
  ordinary text without R code

  |                                                                         |....................                                             |  30%
label: r-vector
  |                                                                         |....................                                             |  31%
  ordinary text without R code

  |                                                                         |.....................                                            |  32%
label: py-len-list (with options) 
List of 1
 $ engine: chr "python"

  |                                                                         |.....................                                            |  33%
  ordinary text without R code

  |                                                                         |......................                                           |  34%
label: py-len-int (with options) 
List of 2
 $ error : logi TRUE
 $ engine: chr "python"

  |                                                                         |.......................                                          |  35%
  ordinary text without R code

  |                                                                         |.......................                                          |  36%
label: r-len-vec
  |                                                                         |........................                                         |  37%
  ordinary text without R code

  |                                                                         |........................                                         |  38%
label: r-len-int
  |                                                                         |.........................                                        |  39%
  ordinary text without R code

  |                                                                         |..........................                                       |  39%
label: r-typeof-vec
  |                                                                         |..........................                                       |  40%
  ordinary text without R code

  |                                                                         |...........................                                      |  41%
label: long-vec
  |                                                                         |...........................                                      |  42%
  ordinary text without R code

  |                                                                         |............................                                     |  43%
label: py-index-0 (with options) 
List of 1
 $ engine: chr "python"

  |                                                                         |.............................                                    |  44%
label: py-index-top (with options) 
List of 1
 $ engine: chr "python"

  |                                                                         |.............................                                    |  45%
label: py-index-error (with options) 
List of 2
 $ error : logi TRUE
 $ engine: chr "python"

  |                                                                         |..............................                                   |  46%
label: py-index-negative (with options) 
List of 1
 $ engine: chr "python"

  |                                                                         |..............................                                   |  47%
  ordinary text without R code

  |                                                                         |...............................                                  |  48%
label: r-index-first
  |                                                                         |................................                                 |  49%
label: r-index-last
  |                                                                         |................................                                 |  50%
  ordinary text without R code

  |                                                                         |.................................                                |  50%
label: r-index-out-of-range
  |                                                                         |.................................                                |  51%
  ordinary text without R code

  |                                                                         |..................................                               |  52%
label: r-index-negative
  |                                                                         |...................................                              |  53%
  ordinary text without R code

  |                                                                         |...................................                              |  54%
label: r-index-vec-error (with options) 
List of 1
 $ error: logi TRUE

  |                                                                         |....................................                             |  55%
  ordinary text without R code

  |                                                                         |....................................                             |  56%
label: r-index-with-vec
  |                                                                         |.....................................                            |  57%
  ordinary text without R code

  |                                                                         |......................................                           |  58%
label: r-index-vec-repeat
  |                                                                         |......................................                           |  59%
  ordinary text without R code

  |                                                                         |.......................................                          |  60%
label: pull-indexing-fig (with options) 
List of 2
 $ echo   : logi FALSE
 $ fig.cap: chr "Pull Indexing"

  |                                                                         |.......................................                          |  61%
  ordinary text without R code

  |                                                                         |........................................                         |  61%
label: r-index-negative-multiple
  |                                                                         |.........................................                        |  62%
  ordinary text without R code

  |                                                                         |.........................................                        |  63%
label: r-mixed-indexing (with options) 
List of 1
 $ error: logi TRUE

  |                                                                         |..........................................                       |  64%
  ordinary text without R code

  |                                                                         |..........................................                       |  65%
label: r-index-zero
  |                                                                         |...........................................                      |  66%
  ordinary text without R code

  |                                                                         |............................................                     |  67%
label: r-create-char-vec
  |                                                                         |............................................                     |  68%
  ordinary text without R code

  |                                                                         |.............................................                    |  69%
label: r-zero-ignored
  |                                                                         |.............................................                    |  70%
  ordinary text without R code

  |                                                                         |..............................................                   |  71%
label: r-in-and-out
  |                                                                         |...............................................                  |  72%
  ordinary text without R code


label: py-list-comp (with options) 
List of 1
 $ engine: chr "python"

  |                                                                         |................................................                 |  73%
  ordinary text without R code

  |                                                                         |................................................                 |  74%
label: py-list-loop (with options) 
List of 1
 $ engine: chr "python"

  |                                                                         |.................................................                |  75%
  ordinary text without R code

  |                                                                         |.................................................                |  76%
label: py-numpy (with options) 
List of 2
 $ eval  : logi FALSE
 $ engine: chr "python"

  |                                                                         |..................................................               |  77%
  ordinary text without R code

  |                                                                         |...................................................              |  78%
label: r-vec-comp
  |                                                                         |...................................................              |  79%
  ordinary text without R code

  |                                                                         |....................................................             |  80%
label: vector-ops
  |                                                                         |....................................................             |  81%
  ordinary text without R code

  |                                                                         |.....................................................            |  82%
label: vec-length-mismatch
  |                                                                         |......................................................           |  83%
  ordinary text without R code


label: vector-conditional
  |                                                                         |.......................................................          |  84%
  ordinary text without R code

  |                                                                         |.......................................................          |  85%
label: ifelse-func
  |                                                                         |........................................................         |  86%
  ordinary text without R code

  |                                                                         |.........................................................        |  87%
label: ifelse-example
  |                                                                         |.........................................................        |  88%
  ordinary text without R code

  |                                                                         |..........................................................       |  89%
label: ifelse-fig (with options) 
List of 2
 $ echo   : logi FALSE
 $ fig.cap: chr "Vector Conditionals"

  |                                                                         |..........................................................       |  90%
  ordinary text without R code

  |                                                                         |...........................................................      |  91%
label: null-comparison
  |                                                                         |............................................................     |  92%
  ordinary text without R code

  |                                                                         |............................................................     |  93%
label: is-null
  |                                                                         |.............................................................    |  94%
  ordinary text without R code


label: na-comparison
  |                                                                         |..............................................................   |  95%
  ordinary text without R code

  |                                                                         |...............................................................  |  96%
label: is-na
  |                                                                         |...............................................................  |  97%
  ordinary text without R code

  |                                                                         |................................................................ |  98%
label: keypoints (with options) 
List of 1
 $ child: chr "keypoints/basics.md"



processing file: ./keypoints/basics.md
  |                                                                         |                                                                 |   0%  |                                                                         |.................................................................| 100%
  ordinary text without R code


  |                                                                         |................................................................ |  99%
  ordinary text without R code

  |                                                                         |.................................................................| 100%
label: links (with options) 
List of 1
 $ child: chr "etc/links.md"



processing file: ./etc/links.md
  |                                                                         |                                                                 |   0%  |                                                                         |.................................................................| 100%
  ordinary text without R code



output file: basics.knit.md



processing file: indexing.Rmd
  |                                                                         |                                                                 |   0%  |                                                                         |..                                                               |   3%
  ordinary text without R code

  |                                                                         |....                                                             |   6%
label: setup (with options) 
List of 1
 $ include: logi FALSE

  |                                                                         |.....                                                            |   8%
  ordinary text without R code

  |                                                                         |.......                                                          |  11%
label: unnamed-chunk-1 (with options) 
List of 1
 $ child: chr "questions/indexing.md"



processing file: ./questions/indexing.md
  |                                                                         |                                                                 |   0%  |                                                                         |.................................................................| 100%
  ordinary text without R code


  |                                                                         |.........                                                        |  14%
  ordinary text without R code

  |                                                                         |...........                                                      |  17%
label: unnamed-chunk-2 (with options) 
List of 1
 $ child: chr "objectives/indexing.md"



processing file: ./objectives/indexing.md
  |                                                                         |                                                                 |   0%  |                                                                         |.................................................................| 100%
  ordinary text without R code


  |                                                                         |.............                                                    |  19%
  ordinary text without R code

  |                                                                         |..............                                                   |  22%
label: subscript-examples (with options) 
List of 1
 $ eval: logi FALSE

  |                                                                         |................                                                 |  25%
  ordinary text without R code

  |                                                                         |..................                                               |  28%
label: list-of-things
  |                                                                         |....................                                             |  31%
  ordinary text without R code

  |                                                                         |......................                                           |  33%
label: double-square
  |                                                                         |.......................                                          |  36%
  ordinary text without R code

  |                                                                         |.........................                                        |  39%
label: double-square-elements
  |                                                                         |...........................                                      |  42%
  ordinary text without R code

  |                                                                         |.............................                                    |  44%
label: single-square-typeof
  |                                                                         |...............................                                  |  47%
  ordinary text without R code

  |                                                                         |................................                                 |  50%
label: single-square-value
  |                                                                         |..................................                               |  53%
  ordinary text without R code

  |                                                                         |....................................                             |  56%
label: single-and-double
  |                                                                         |......................................                           |  58%
  ordinary text without R code

  |                                                                         |........................................                         |  61%
label: lookup-table
  |                                                                         |..........................................                       |  64%
  ordinary text without R code

  |                                                                         |...........................................                      |  67%
label: lookup-list
  |                                                                         |.............................................                    |  69%
  ordinary text without R code

  |                                                                         |...............................................                  |  72%
label: quoted-names
  |                                                                         |.................................................                |  75%
  ordinary text without R code

  |                                                                         |...................................................              |  78%
label: matrix-order
  |                                                                         |....................................................             |  81%
  ordinary text without R code

  |                                                                         |......................................................           |  83%
label: matrix-attribute
  |                                                                         |........................................................         |  86%
  ordinary text without R code

  |                                                                         |..........................................................       |  89%
label: matrix-single-index
  |                                                                         |............................................................     |  92%
  ordinary text without R code

  |                                                                         |.............................................................    |  94%
label: unnamed-chunk-3 (with options) 
List of 1
 $ child: chr "keypoints/indexing.md"



processing file: ./keypoints/indexing.md
  |                                                                         |                                                                 |   0%  |                                                                         |.................................................................| 100%
  ordinary text without R code


  |                                                                         |...............................................................  |  97%
  ordinary text without R code

  |                                                                         |.................................................................| 100%
label: unnamed-chunk-4 (with options) 
List of 1
 $ child: chr "etc/links.md"



processing file: ./etc/links.md
  |                                                                         |                                                                 |   0%  |                                                                         |.................................................................| 100%
  ordinary text without R code



output file: indexing.knit.md



processing file: control.Rmd
  |                                                                         |                                                                 |   0%  |                                                                         |.                                                                |   2%
  ordinary text without R code

  |                                                                         |..                                                               |   3%
label: setup (with options) 
List of 1
 $ include: logi FALSE

  |                                                                         |...                                                              |   5%
  ordinary text without R code

  |                                                                         |....                                                             |   7%
label: unnamed-chunk-1 (with options) 
List of 1
 $ child: chr "questions/control.md"



processing file: ./questions/control.md
  |                                                                         |                                                                 |   0%  |                                                                         |.................................................................| 100%
  ordinary text without R code


  |                                                                         |.....                                                            |   8%
  ordinary text without R code

  |                                                                         |......                                                           |  10%
label: unnamed-chunk-2 (with options) 
List of 1
 $ child: chr "objectives/control.md"



processing file: ./objectives/control.md
  |                                                                         |                                                                 |   0%  |                                                                         |.................................................................| 100%
  ordinary text without R code


  |                                                                         |........                                                         |  12%
  ordinary text without R code

  |                                                                         |.........                                                        |  13%
label: py-loop-cond (with options) 
List of 1
 $ engine: chr "python"

  |                                                                         |..........                                                       |  15%
  ordinary text without R code

  |                                                                         |...........                                                      |  17%
label: r-loop-cond
  |                                                                         |............                                                     |  18%
  ordinary text without R code

  |                                                                         |.............                                                    |  20%
label: loop-range
  |                                                                         |..............                                                   |  22%
  ordinary text without R code

  |                                                                         |...............                                                  |  23%
label: loop-range-str-length
  |                                                                         |................                                                 |  25%
  ordinary text without R code

  |                                                                         |.................                                                |  27%
label: seq-along
  |                                                                         |..................                                               |  28%
  ordinary text without R code

  |                                                                         |....................                                             |  30%
label: range-expression
  |                                                                         |.....................                                            |  32%
  ordinary text without R code

  |                                                                         |......................                                           |  33%
label: range-subscript
  |                                                                         |.......................                                          |  35%
  ordinary text without R code

  |                                                                         |........................                                         |  37%
label: negative-range-subscript
  |                                                                         |.........................                                        |  38%
  ordinary text without R code

  |                                                                         |..........................                                       |  40%
label: seq-function
  |                                                                         |...........................                                      |  42%
  ordinary text without R code

  |                                                                         |............................                                     |  43%
label: vector-cond-fail (with options) 
List of 1
 $ error: logi TRUE

  |                                                                         |.............................                                    |  45%
  ordinary text without R code

  |                                                                         |..............................                                   |  47%
label: all-cond
  |                                                                         |...............................                                  |  48%
  ordinary text without R code

  |                                                                         |................................                                 |  50%
label: func-call
  |                                                                         |..................................                               |  52%
  ordinary text without R code

  |                                                                         |...................................                              |  53%
label: func-def
  |                                                                         |....................................                             |  55%
  ordinary text without R code

  |                                                                         |.....................................                            |  57%
label: func-return
  |                                                                         |......................................                           |  58%
  ordinary text without R code

  |                                                                         |.......................................                          |  60%
label: call-swap
  |                                                                         |........................................                         |  62%
  ordinary text without R code

  |                                                                         |.........................................                        |  63%
label: element-of-null
  |                                                                         |..........................................                       |  65%
  ordinary text without R code

  |                                                                         |...........................................                      |  67%
label: silent-failure
  |                                                                         |............................................                     |  68%
  ordinary text without R code

  |                                                                         |..............................................                   |  70%
label: wrong-number-of-args (with options) 
List of 1
 $ error: logi TRUE

  |                                                                         |...............................................                  |  72%
  ordinary text without R code

  |                                                                         |................................................                 |  73%
label: dot-args
  |                                                                         |.................................................                |  75%
  ordinary text without R code

  |                                                                         |..................................................               |  77%
label: dot-args-convert
  |                                                                         |...................................................              |  78%
  ordinary text without R code

  |                                                                         |....................................................             |  80%
label: define-defaults
  |                                                                         |.....................................................            |  82%
  ordinary text without R code

  |                                                                         |......................................................           |  83%
label: non-functions-in-call
  |                                                                         |.......................................................          |  85%
  ordinary text without R code

  |                                                                         |........................................................         |  87%
label: without-invisible
  |                                                                         |.........................................................        |  88%
  ordinary text without R code

  |                                                                         |..........................................................       |  90%
label: with-invisible
  |                                                                         |............................................................     |  92%
  ordinary text without R code

  |                                                                         |.............................................................    |  93%
label: assign-out-of-scope
  |                                                                         |..............................................................   |  95%
  ordinary text without R code

  |                                                                         |...............................................................  |  97%
label: unnamed-chunk-3 (with options) 
List of 1
 $ child: chr "keypoints/control.md"



processing file: ./keypoints/control.md
  |                                                                         |                                                                 |   0%  |                                                                         |.................................................................| 100%
  ordinary text without R code


  |                                                                         |................................................................ |  98%
  ordinary text without R code

  |                                                                         |.................................................................| 100%
label: unnamed-chunk-4 (with options) 
List of 1
 $ child: chr "etc/links.md"



processing file: ./etc/links.md
  |                                                                         |                                                                 |   0%  |                                                                         |.................................................................| 100%
  ordinary text without R code



output file: control.knit.md



processing file: tidyverse.Rmd
  |                                                                         |                                                                 |   0%  |                                                                         |                                                                 |   1%
  ordinary text without R code

  |                                                                         |.                                                                |   1%
label: setup (with options) 
List of 1
 $ include: logi FALSE

  |                                                                         |.                                                                |   2%
  ordinary text without R code

  |                                                                         |..                                                               |   3%
label: unnamed-chunk-1 (with options) 
List of 1
 $ child: chr "questions/tidyverse.md"



processing file: ./questions/tidyverse.md
  |                                                                         |                                                                 |   0%  |                                                                         |.................................................................| 100%
  ordinary text without R code


  |                                                                         |..                                                               |   4%
  ordinary text without R code

  |                                                                         |...                                                              |   4%
label: unnamed-chunk-2 (with options) 
List of 1
 $ child: chr "objectives/tidyverse.md"



processing file: ./objectives/tidyverse.md
  |                                                                         |                                                                 |   0%  |                                                                         |.................................................................| 100%
  ordinary text without R code


  |                                                                         |...                                                              |   5%
  ordinary text without R code

  |                                                                         |....                                                             |   6%
label: python-read-csv (with options) 
List of 2
 $ output.lines: num 10
 $ engine      : chr "python"

  |                                                                         |....                                                             |   7%
  ordinary text without R code

  |                                                                         |.....                                                            |   7%
label: unnamed-chunk-3 (with options) 
List of 1
 $ eval: logi FALSE

  |                                                                         |.....                                                            |   8%
  ordinary text without R code

  |                                                                         |......                                                           |   9%
label: unnamed-chunk-4 (with options) 
List of 1
 $ eval: logi FALSE

  |                                                                         |......                                                           |  10%
  ordinary text without R code

  |                                                                         |.......                                                          |  10%
label: unnamed-chunk-5 (with options) 
List of 1
 $ eval: logi FALSE

  |                                                                         |.......                                                          |  11%
  ordinary text without R code

  |                                                                         |........                                                         |  12%
label: r-read-csv
  |                                                                         |........                                                         |  13%
  ordinary text without R code

  |                                                                         |.........                                                        |  13%
label: show-tibble
  |                                                                         |.........                                                        |  14%
  ordinary text without R code

  |                                                                         |..........                                                       |  15%
label: py-show-head (with options) 
List of 1
 $ engine: chr "python"

  |                                                                         |..........                                                       |  16%
label: py-show-tail (with options) 
List of 1
 $ engine: chr "python"

  |                                                                         |...........                                                      |  16%
  ordinary text without R code

  |                                                                         |...........                                                      |  17%
label: r-show-head
  |                                                                         |............                                                     |  18%
label: r-show-tail
  |                                                                         |............                                                     |  19%
  ordinary text without R code

  |                                                                         |.............                                                    |  19%
label: r-tail-tibble (with options) 
List of 1
 $ paged.print: logi FALSE

  |                                                                         |.............                                                    |  20%
  ordinary text without R code

  |                                                                         |..............                                                   |  21%
label: data-info (with options) 
List of 1
 $ engine: chr "python"

  |                                                                         |..............                                                   |  22%
  ordinary text without R code

  |                                                                         |...............                                                  |  22%
label: data-summary
  |                                                                         |...............                                                  |  23%
  ordinary text without R code

  |                                                                         |................                                                 |  24%
label: py-string-subscript (with options) 
List of 2
 $ output.lines: logi NA
 $ engine      : chr "python"

  |                                                                         |................                                                 |  25%
  ordinary text without R code


label: r-string-subscript
  |                                                                         |.................                                                |  26%
  ordinary text without R code

  |                                                                         |.................                                                |  27%
label: r-dollar-subscript (with options) 
List of 1
 $ output.lines: logi NA

  |                                                                         |..................                                               |  28%
  ordinary text without R code


label: py-individual-element (with options) 
List of 1
 $ engine: chr "python"

  |                                                                         |...................                                              |  29%
label: r-individual-element
  |                                                                         |...................                                              |  30%
  ordinary text without R code

  |                                                                         |....................                                             |  31%
label: py-len-individual-element (with options) 
List of 2
 $ error : logi TRUE
 $ engine: chr "python"


label: r-len-individual-element
  |                                                                         |.....................                                            |  32%
  ordinary text without R code

  |                                                                         |.....................                                            |  33%
label: py-range-estimate (with options) 
List of 1
 $ engine: chr "python"

  |                                                                         |......................                                           |  34%
label: r-range-estimate

  ordinary text without R code

  |                                                                         |.......................                                          |  35%
label: py-iloc (with options) 
List of 2
 $ output.lines: logi NA
 $ engine      : chr "python"

  |                                                                         |.......................                                          |  36%
  ordinary text without R code

  |                                                                         |........................                                         |  37%
label: py-iloc-indexed (with options) 
List of 1
 $ engine: chr "python"


  ordinary text without R code

  |                                                                         |.........................                                        |  38%
label: single-index-is-col
  |                                                                         |.........................                                        |  39%
  ordinary text without R code

  |                                                                         |..........................                                       |  40%
label: double-index-of-tibble

  ordinary text without R code

  |                                                                         |...........................                                      |  41%
label: double-square-on-tibble (with options) 
List of 1
 $ output.lines: logi NA

  |                                                                         |...........................                                      |  42%
  ordinary text without R code

  |                                                                         |............................                                     |  43%
label: double-square-then-single

  ordinary text without R code

  |                                                                         |.............................                                    |  44%
label: double-single-single
  |                                                                         |.............................                                    |  45%
  ordinary text without R code

  |                                                                         |..............................                                   |  46%
label: py-average-index (with options) 
List of 1
 $ engine: chr "python"


label: py-estimates-mean (with options) 
List of 1
 $ engine: chr "python"

  |                                                                         |...............................                                  |  47%
  ordinary text without R code

  |                                                                         |...............................                                  |  48%
label: r-average-index
  |                                                                         |................................                                 |  49%
label: r-estimates-mean

  ordinary text without R code

  |                                                                         |................................                                 |  50%
label: r-remove-na
  |                                                                         |.................................                                |  51%
  ordinary text without R code


label: py-remove-na (with options) 
List of 1
 $ engine: chr "python"

  |                                                                         |..................................                               |  52%
  ordinary text without R code

  |                                                                         |..................................                               |  53%
label: py-min-max-std (with options) 
List of 1
 $ engine: chr "python"

  |                                                                         |...................................                              |  54%
  ordinary text without R code


label: r-min-max-std
  |                                                                         |....................................                             |  55%
  ordinary text without R code

  |                                                                         |....................................                             |  56%
label: py-check-null (with options) 
List of 1
 $ engine: chr "python"

  |                                                                         |.....................................                            |  57%
label: r-check-null

  ordinary text without R code

  |                                                                         |......................................                           |  58%
label: py-simple-filter (with options) 
List of 1
 $ engine: chr "python"

  |                                                                         |......................................                           |  59%
  ordinary text without R code

  |                                                                         |.......................................                          |  60%
label: r-simple-filter

  ordinary text without R code

  |                                                                         |........................................                         |  61%
label: py-maximal (with options) 
List of 2
 $ output.lines: logi NA
 $ engine      : chr "python"

  |                                                                         |........................................                         |  62%
  ordinary text without R code

  |                                                                         |.........................................                        |  63%
label: r-maximal (with options) 
List of 1
 $ output.lines: logi NA


  ordinary text without R code

  |                                                                         |..........................................                       |  64%
label: r-which
  |                                                                         |..........................................                       |  65%
  ordinary text without R code

  |                                                                         |...........................................                      |  66%
label: r-length-which

  ordinary text without R code

  |                                                                         |............................................                     |  67%
label: r-maximal-which
  |                                                                         |............................................                     |  68%
  ordinary text without R code

  |                                                                         |.............................................                    |  69%
label: filter-as-function

  ordinary text without R code

  |                                                                         |..............................................                   |  70%
label: filter-in-pipe
  |                                                                         |..............................................                   |  71%
  ordinary text without R code

  |                                                                         |...............................................                  |  72%
label: filter-complex

  ordinary text without R code

  |                                                                         |................................................                 |  73%
label: filter-complex-pipe
  |                                                                         |................................................                 |  74%
  ordinary text without R code

  |                                                                         |.................................................                |  75%
label: filter-wider-band

  ordinary text without R code

  |                                                                         |.................................................                |  76%
label: filter-arrange
  |                                                                         |..................................................               |  77%
  ordinary text without R code

  |                                                                         |..................................................               |  78%
label: filter-arrange-select
  |                                                                         |...................................................              |  78%
  ordinary text without R code

  |                                                                         |...................................................              |  79%
label: select-out
  |                                                                         |....................................................             |  80%
  ordinary text without R code

  |                                                                         |....................................................             |  81%
label: mutate-new-column
  |                                                                         |.....................................................            |  81%
  ordinary text without R code

  |                                                                         |.....................................................            |  82%
label: summarize-and-count
  |                                                                         |......................................................           |  83%
  ordinary text without R code

  |                                                                         |......................................................           |  84%
label: equivalent-to-pipeline (with options) 
List of 1
 $ engine: chr "python"

  |                                                                         |.......................................................          |  84%
  ordinary text without R code

  |                                                                         |.......................................................          |  85%
label: simple-formula
  |                                                                         |........................................................         |  86%
  ordinary text without R code

  |                                                                         |........................................................         |  87%
label: complex-formula
  |                                                                         |.........................................................        |  87%
  ordinary text without R code

  |                                                                         |.........................................................        |  88%
label: double-regression
  |                                                                         |..........................................................       |  89%
  ordinary text without R code

  |                                                                         |..........................................................       |  90%
label: regress-temporary
  |                                                                         |...........................................................      |  90%
  ordinary text without R code

  |                                                                         |...........................................................      |  91%
label: basic-plot
  |                                                                         |............................................................     |  92%
  ordinary text without R code

  |                                                                         |............................................................     |  93%
label: plot-after-drop
  |                                                                         |.............................................................    |  93%
  ordinary text without R code

  |                                                                         |.............................................................    |  94%
label: plot-remove-outliers
  |                                                                         |..............................................................   |  95%
  ordinary text without R code

  |                                                                         |..............................................................   |  96%
label: plot-with-fit
  |                                                                         |...............................................................  |  96%
  ordinary text without R code

  |                                                                         |...............................................................  |  97%
label: plot-cartesian
  |                                                                         |................................................................ |  98%
  ordinary text without R code

  |                                                                         |................................................................ |  99%
label: unnamed-chunk-6 (with options) 
List of 1
 $ child: chr "keypoints/tidyverse.md"



processing file: ./keypoints/tidyverse.md
  |                                                                         |                                                                 |   0%  |                                                                         |.................................................................| 100%
  ordinary text without R code


  |                                                                         |.................................................................|  99%
  ordinary text without R code

  |                                                                         |.................................................................| 100%
label: unnamed-chunk-7 (with options) 
List of 1
 $ child: chr "etc/links.md"



processing file: ./etc/links.md
  |                                                                         |                                                                 |   0%  |                                                                         |.................................................................| 100%
  ordinary text without R code



output file: tidyverse.knit.md



processing file: cleanup.Rmd
  |                                                                         |                                                                 |   0%  |                                                                         |.                                                                |   1%
  ordinary text without R code

  |                                                                         |..                                                               |   3%
label: setup (with options) 
List of 1
 $ include: logi FALSE

  |                                                                         |..                                                               |   4%
  ordinary text without R code

  |                                                                         |...                                                              |   5%
label: unnamed-chunk-1 (with options) 
List of 1
 $ child: chr "questions/cleanup.md"



processing file: ./questions/cleanup.md
  |                                                                         |                                                                 |   0%  |                                                                         |.................................................................| 100%
  ordinary text without R code


  |                                                                         |....                                                             |   6%
  ordinary text without R code

  |                                                                         |.....                                                            |   8%
label: unnamed-chunk-2 (with options) 
List of 1
 $ child: chr "objectives/cleanup.md"



processing file: ./objectives/cleanup.md
  |                                                                         |                                                                 |   0%  |                                                                         |.................................................................| 100%
  ordinary text without R code


  |                                                                         |......                                                           |   9%
  ordinary text without R code

  |                                                                         |.......                                                          |  10%
label: read-and-head
  |                                                                         |.......                                                          |  11%
  ordinary text without R code

  |                                                                         |........                                                         |  13%
label: read-skip-and-head
  |                                                                         |.........                                                        |  14%
  ordinary text without R code

  |                                                                         |..........                                                       |  15%
label: read-skip-na-and-head
  |                                                                         |...........                                                      |  16%
  ordinary text without R code

  |                                                                         |............                                                     |  18%
label: read-and-filter-mistake (with options) 
List of 1
 $ error: logi TRUE

  |                                                                         |............                                                     |  19%
  ordinary text without R code

  |                                                                         |.............                                                    |  20%
label: read-and-select
  |                                                                         |..............                                                   |  22%
  ordinary text without R code

  |                                                                         |...............                                                  |  23%
label: tail-raw-data
  |                                                                         |................                                                 |  24%
  ordinary text without R code

  |                                                                         |................                                                 |  25%
label: read-slice-and-tail
  |                                                                         |.................                                                |  27%
  ordinary text without R code

  |                                                                         |..................                                               |  28%
label: demonstrate-str-replace
  |                                                                         |...................                                              |  29%
  ordinary text without R code

  |                                                                         |....................                                             |  30%
label: check-numeric-result
  |                                                                         |.....................                                            |  32%
  ordinary text without R code

  |                                                                         |.....................                                            |  33%
label: str-replace-fail
  |                                                                         |......................                                           |  34%
  ordinary text without R code

  |                                                                         |.......................                                          |  35%
label: check-body-is-tibble
  |                                                                         |........................                                         |  37%
label: check-numbers-is-tibble
  |                                                                         |.........................                                        |  38%
  ordinary text without R code

  |                                                                         |..........................                                       |  39%
label: read-and-trim-with-map (with options) 
List of 1
 $ output.lines: num 40

  |                                                                         |..........................                                       |  41%
  ordinary text without R code

  |                                                                         |...........................                                      |  42%
label: read-and-trim-with-map-dfr
  |                                                                         |............................                                     |  43%
  ordinary text without R code

  |                                                                         |.............................                                    |  44%
label: use-regexp (with options) 
List of 1
 $ output.lines: logi NA

  |                                                                         |..............................                                   |  46%
  ordinary text without R code

  |                                                                         |..............................                                   |  47%
label: convert-to-percent (with options) 
List of 1
 $ output.lines: logi NA

  |                                                                         |...............................                                  |  48%
  ordinary text without R code

  |                                                                         |................................                                 |  49%
label: look-at-warnings (with options) 
List of 1
 $ output.lines: num 20

  |                                                                         |.................................                                |  51%
  ordinary text without R code

  |                                                                         |..................................                               |  52%
label: look-at-trimmed-hi
  |                                                                         |...................................                              |  53%
  ordinary text without R code

  |                                                                         |...................................                              |  54%
label: fixing-trim-bug
  |                                                                         |....................................                             |  56%
  ordinary text without R code

  |                                                                         |.....................................                            |  57%
label: head-of-percents
  |                                                                         |......................................                           |  58%
  ordinary text without R code

  |                                                                         |.......................................                          |  59%
label: tail-of-percents
  |                                                                         |.......................................                          |  61%
  ordinary text without R code

  |                                                                         |........................................                         |  62%
label: demonstrate-tribble
  |                                                                         |.........................................                        |  63%
  ordinary text without R code

  |                                                                         |..........................................                       |  65%
label: demonstrate-gather
  |                                                                         |...........................................                      |  66%
  ordinary text without R code

  |                                                                         |............................................                     |  67%
label: fixture-for-separate
  |                                                                         |............................................                     |  68%
  ordinary text without R code

  |                                                                         |.............................................                    |  70%
label: demonstrate-separate
  |                                                                         |..............................................                   |  71%
  ordinary text without R code

  |                                                                         |...............................................                  |  72%
label: repeating-kind
  |                                                                         |................................................                 |  73%
  ordinary text without R code

  |                                                                         |.................................................                |  75%
label: desired-output (with options) 
List of 1
 $ eval: logi FALSE

  |                                                                         |.................................................                |  76%
  ordinary text without R code

  |                                                                         |..................................................               |  77%
label: repeating-years-nested
  |                                                                         |...................................................              |  78%
  ordinary text without R code

  |                                                                         |....................................................             |  80%
label: repeating-years-flattened
  |                                                                         |.....................................................            |  81%
  ordinary text without R code

  |                                                                         |.....................................................            |  82%
label: combined-headers
  |                                                                         |......................................................           |  84%
  ordinary text without R code

  |                                                                         |.......................................................          |  85%
label: relabel-columns-extra
  |                                                                         |........................................................         |  86%
  ordinary text without R code

  |                                                                         |.........................................................        |  87%
label: check-last-column-is-all-na
  |                                                                         |..........................................................       |  89%
  ordinary text without R code

  |                                                                         |..........................................................       |  90%
label: relabel-and-drop-empty
  |                                                                         |...........................................................      |  91%
  ordinary text without R code

  |                                                                         |............................................................     |  92%
label: create-final-table
  |                                                                         |.............................................................    |  94%
  ordinary text without R code

  |                                                                         |..............................................................   |  95%
label: all-in-one
  |                                                                         |...............................................................  |  96%
  ordinary text without R code

  |                                                                         |...............................................................  |  97%
label: unnamed-chunk-3 (with options) 
List of 1
 $ child: chr "keypoints/cleanup.md"



processing file: ./keypoints/cleanup.md
  |                                                                         |                                                                 |   0%  |                                                                         |.................................................................| 100%
  ordinary text without R code


  |                                                                         |................................................................ |  99%
  ordinary text without R code

  |                                                                         |.................................................................| 100%
label: unnamed-chunk-4 (with options) 
List of 1
 $ child: chr "etc/links.md"



processing file: ./etc/links.md
  |                                                                         |                                                                 |   0%  |                                                                         |.................................................................| 100%
  ordinary text without R code



output file: cleanup.knit.md



processing file: testerror.Rmd
  |                                                                         |                                                                 |   0%  |                                                                         |.                                                                |   1%
  ordinary text without R code

  |                                                                         |..                                                               |   2%
label: setup (with options) 
List of 1
 $ include: logi FALSE

  |                                                                         |..                                                               |   4%
  ordinary text without R code

  |                                                                         |...                                                              |   5%
label: unnamed-chunk-1 (with options) 
List of 1
 $ child: chr "questions/testerror.md"



processing file: ./questions/testerror.md
  |                                                                         |                                                                 |   0%  |                                                                         |.................................................................| 100%
  ordinary text without R code


  |                                                                         |....                                                             |   6%
  ordinary text without R code

  |                                                                         |.....                                                            |   8%
label: unnamed-chunk-2 (with options) 
List of 1
 $ child: chr "objectives/testerror.md"



processing file: ./objectives/testerror.md
  |                                                                         |                                                                 |   0%  |                                                                         |.................................................................| 100%
  ordinary text without R code


  |                                                                         |......                                                           |   9%
  ordinary text without R code

  |                                                                         |......                                                           |  10%
label: py-exception (with options) 
List of 1
 $ engine: chr "python"

  |                                                                         |.......                                                          |  11%
  ordinary text without R code

  |                                                                         |........                                                         |  12%
label: unnamed-chunk-3 (with options) 
List of 1
 $ include: logi FALSE

  |                                                                         |.........                                                        |  14%
  ordinary text without R code

  |                                                                         |..........                                                       |  15%
label: message-warning-error (with options) 
List of 1
 $ error: logi TRUE

  |                                                                         |...........                                                      |  16%
  ordinary text without R code

  |                                                                         |...........                                                      |  18%
label: attempt-without-try (with options) 
List of 1
 $ error: logi TRUE

  |                                                                         |............                                                     |  19%
  ordinary text without R code

  |                                                                         |.............                                                    |  20%
label: attempt-using-try
  |                                                                         |..............                                                   |  21%
  ordinary text without R code

  |                                                                         |...............                                                  |  22%
label: attempt-quietly
  |                                                                         |...............                                                  |  24%
  ordinary text without R code

  |                                                                         |................                                                 |  25%
label: r-try-catch
  |                                                                         |.................                                                |  26%
  ordinary text without R code

  |                                                                         |..................                                               |  28%
label: r-try-catch-triggered
  |                                                                         |...................                                              |  29%
  ordinary text without R code

  |                                                                         |....................                                             |  30%
label: introduce-testthat
  |                                                                         |....................                                             |  31%
  ordinary text without R code

  |                                                                         |.....................                                            |  32%
label: force-error (with options) 
List of 1
 $ error: logi TRUE

  |                                                                         |......................                                           |  34%
  ordinary text without R code

  |                                                                         |.......................                                          |  35%
label: expect-equal-alone (with options) 
List of 1
 $ error: logi TRUE

  |                                                                         |........................                                         |  36%
  ordinary text without R code

  |                                                                         |........................                                         |  38%
label: pass-code-block (with options) 
List of 1
 $ error: logi TRUE

  |                                                                         |.........................                                        |  39%
  ordinary text without R code

  |                                                                         |..........................                                       |  40%
label: anonymous-function
  |                                                                         |...........................                                      |  41%
  ordinary text without R code

  |                                                                         |............................                                     |  42%
label: unnamed-chunk-4 (with options) 
List of 2
 $ code: language readLines("tests/testthat/test_example.R")
 $ eval: logi FALSE

  |                                                                         |............................                                     |  44%
  ordinary text without R code

  |                                                                         |.............................                                    |  45%
label: run-test-dir
  |                                                                         |..............................                                   |  46%
  ordinary text without R code

  |                                                                         |...............................                                  |  48%
label: unnamed-chunk-5 (with options) 
List of 1
 $ code: language readLines("tests/testthat/test_tibble.R")

  |                                                                         |................................                                 |  49%
  ordinary text without R code

  |                                                                         |................................                                 |  50%
label: run-more-tests
  |                                                                         |.................................                                |  51%
  ordinary text without R code

  |                                                                         |..................................                               |  52%
label: test-with-filter-wrong (with options) 
List of 1
 $ error: logi TRUE

  |                                                                         |...................................                              |  54%
  ordinary text without R code

  |                                                                         |....................................                             |  55%
label: test-with-filter
  |                                                                         |.....................................                            |  56%
  ordinary text without R code

  |                                                                         |.....................................                            |  58%
label: unnamed-chunk-6 (with options) 
List of 1
 $ code: language readLines("scripts/find_empty_01.R")

  |                                                                         |......................................                           |  59%
  ordinary text without R code

  |                                                                         |.......................................                          |  60%
label: unnamed-chunk-7 (with options) 
List of 1
 $ eval: logi FALSE

  |                                                                         |........................................                         |  61%
  ordinary text without R code

  |                                                                         |.........................................                        |  62%
label: unnamed-chunk-8 (with options) 
List of 1
 $ code: language readLines("scripts/find_empty_02.R")

  |                                                                         |.........................................                        |  64%
  ordinary text without R code

  |                                                                         |..........................................                       |  65%
label: unnamed-chunk-9 (with options) 
List of 2
 $ code: language readLines("tests/testthat/test_find_empty_a.R")
 $ eval: logi FALSE

  |                                                                         |...........................................                      |  66%
  ordinary text without R code

  |                                                                         |............................................                     |  68%
label: test-find-empty-a
  |                                                                         |.............................................                    |  69%
  ordinary text without R code

  |                                                                         |..............................................                   |  70%
label: load-find-empty-rows (with options) 
List of 1
 $ echo: logi FALSE

  |                                                                         |..............................................                   |  71%
  ordinary text without R code

  |                                                                         |...............................................                  |  72%
label: call-find-empty-rows-broken
  |                                                                         |................................................                 |  74%
  ordinary text without R code

  |                                                                         |.................................................                |  75%
label: properties-of-empty-vector
  |                                                                         |..................................................               |  76%
  ordinary text without R code

  |                                                                         |..................................................               |  78%
label: unnamed-chunk-10 (with options) 
List of 2
 $ code: language readLines("tests/testthat/test_find_empty_b.R")
 $ eval: logi FALSE

  |                                                                         |...................................................              |  79%
  ordinary text without R code

  |                                                                         |....................................................             |  80%
label: run-modified-tests
  |                                                                         |.....................................................            |  81%
  ordinary text without R code

  |                                                                         |......................................................           |  82%
label: reading-health-data
  |                                                                         |......................................................           |  84%
  ordinary text without R code

  |                                                                         |.......................................................          |  85%
label: determine-skip-rows (with options) 
List of 1
 $ code: language readLines("scripts/determine_skip_rows_a.R")

  |                                                                         |........................................................         |  86%
  ordinary text without R code

  |                                                                         |.........................................................        |  88%
label: unnamed-chunk-11 (with options) 
List of 2
 $ code: language readLines("tests/testthat/test_determine_skip_rows_a.R")
 $ eval: logi FALSE

  |                                                                         |..........................................................       |  89%
  ordinary text without R code

  |                                                                         |..........................................................       |  90%
label: run-skip-row-tests-a (with options) 
List of 1
 $ error: logi TRUE

  |                                                                         |...........................................................      |  91%
  ordinary text without R code

  |                                                                         |............................................................     |  92%
label: unnamed-chunk-12 (with options) 
List of 2
 $ code: language readLines("scripts/determine_skip_rows_b.R")
 $ eval: logi FALSE

  |                                                                         |.............................................................    |  94%
  ordinary text without R code

  |                                                                         |..............................................................   |  95%
label: run-skip-row-tests-b
  |                                                                         |...............................................................  |  96%
  ordinary text without R code

  |                                                                         |...............................................................  |  98%
label: unnamed-chunk-13 (with options) 
List of 1
 $ child: chr "keypoints/testerror.md"



processing file: ./keypoints/testerror.md
  |                                                                         |                                                                 |   0%  |                                                                         |.................................................................| 100%
  ordinary text without R code


  |                                                                         |................................................................ |  99%
  ordinary text without R code

  |                                                                         |.................................................................| 100%
label: unnamed-chunk-14 (with options) 
List of 1
 $ child: chr "etc/links.md"



processing file: ./etc/links.md
  |                                                                         |                                                                 |   0%  |                                                                         |.................................................................| 100%
  ordinary text without R code



output file: testerror.knit.md



processing file: nse.Rmd
  |                                                                         |                                                                 |   0%  |                                                                         |.                                                                |   1%
  ordinary text without R code

  |                                                                         |.                                                                |   2%
label: setup (with options) 
List of 1
 $ include: logi FALSE

  |                                                                         |..                                                               |   2%
  ordinary text without R code

  |                                                                         |..                                                               |   3%
label: unnamed-chunk-1 (with options) 
List of 1
 $ child: chr "questions/nse.md"



processing file: ./questions/nse.md
  |                                                                         |                                                                 |   0%  |                                                                         |.................................................................| 100%
  ordinary text without R code


  |                                                                         |...                                                              |   4%
  ordinary text without R code

  |                                                                         |...                                                              |   5%
label: unnamed-chunk-2 (with options) 
List of 1
 $ child: chr "objectives/nse.md"



processing file: ./objectives/nse.md
  |                                                                         |                                                                 |   0%  |                                                                         |.................................................................| 100%
  ordinary text without R code


  |                                                                         |....                                                             |   6%
  ordinary text without R code

  |                                                                         |....                                                             |   7%
label: unnamed-chunk-3 (with options) 
List of 1
 $ engine: chr "python"

  |                                                                         |.....                                                            |   8%
  ordinary text without R code


label: unnamed-chunk-4 (with options) 
List of 2
 $ eval  : logi FALSE
 $ engine: chr "python"

  |                                                                         |......                                                           |   9%
  ordinary text without R code

  |                                                                         |......                                                           |  10%
label: unnamed-chunk-5 (with options) 
List of 2
 $ echo   : logi FALSE
 $ fig.cap: chr "Python Step 1"

  |                                                                         |.......                                                          |  11%
  ordinary text without R code

  |                                                                         |........                                                         |  12%
label: unnamed-chunk-6 (with options) 
List of 2
 $ echo   : logi FALSE
 $ fig.cap: chr "Python Step 2"


  ordinary text without R code

  |                                                                         |.........                                                        |  13%
label: unnamed-chunk-7 (with options) 
List of 2
 $ echo   : logi FALSE
 $ fig.cap: chr "Python Step 3"

  |                                                                         |.........                                                        |  14%
  ordinary text without R code

  |                                                                         |..........                                                       |  15%
label: unnamed-chunk-8 (with options) 
List of 2
 $ echo   : logi FALSE
 $ fig.cap: chr "Python Step 4"

  |                                                                         |..........                                                       |  16%
  ordinary text without R code

  |                                                                         |...........                                                      |  17%
label: unnamed-chunk-9 (with options) 
List of 2
 $ echo   : logi FALSE
 $ fig.cap: chr "Python Step 5"

  |                                                                         |...........                                                      |  18%
  ordinary text without R code

  |                                                                         |............                                                     |  18%
label: unnamed-chunk-10 (with options) 
List of 2
 $ echo   : logi FALSE
 $ fig.cap: chr "Python Step 6"

  |                                                                         |............                                                     |  19%
  ordinary text without R code

  |                                                                         |.............                                                    |  20%
label: unnamed-chunk-11 (with options) 
List of 2
 $ echo   : logi FALSE
 $ fig.cap: chr "Python Step 7"

  |                                                                         |..............                                                   |  21%
  ordinary text without R code

  |                                                                         |..............                                                   |  22%
label: unnamed-chunk-12 (with options) 
List of 2
 $ echo   : logi FALSE
 $ fig.cap: chr "Python Step 8"

  |                                                                         |...............                                                  |  22%
  ordinary text without R code

  |                                                                         |...............                                                  |  23%
label: unnamed-chunk-13
  |                                                                         |................                                                 |  24%
  ordinary text without R code

  |                                                                         |................                                                 |  25%
label: unnamed-chunk-14 (with options) 
List of 1
 $ eval: logi FALSE

  |                                                                         |.................                                                |  26%
  ordinary text without R code

  |                                                                         |.................                                                |  27%
label: unnamed-chunk-15 (with options) 
List of 2
 $ echo   : logi FALSE
 $ fig.cap: chr "R Step 1"

  |                                                                         |..................                                               |  28%
  ordinary text without R code


label: unnamed-chunk-16 (with options) 
List of 2
 $ echo   : logi FALSE
 $ fig.cap: chr "R Step 2"

  |                                                                         |...................                                              |  29%
  ordinary text without R code

  |                                                                         |....................                                             |  30%
label: unnamed-chunk-17 (with options) 
List of 2
 $ echo   : logi FALSE
 $ fig.cap: chr "R Step 3"

  |                                                                         |....................                                             |  31%
  ordinary text without R code

  |                                                                         |.....................                                            |  32%
label: unnamed-chunk-18 (with options) 
List of 2
 $ echo   : logi FALSE
 $ fig.cap: chr "R Step 4"


  ordinary text without R code

  |                                                                         |......................                                           |  33%
label: unnamed-chunk-19 (with options) 
List of 2
 $ echo   : logi FALSE
 $ fig.cap: chr "R Step 5"

  |                                                                         |......................                                           |  34%
  ordinary text without R code

  |                                                                         |.......................                                          |  35%
label: unnamed-chunk-20 (with options) 
List of 2
 $ echo   : logi FALSE
 $ fig.cap: chr "R Step 6"

  |                                                                         |.......................                                          |  36%
  ordinary text without R code

  |                                                                         |........................                                         |  37%
label: unnamed-chunk-21 (with options) 
List of 2
 $ echo   : logi FALSE
 $ fig.cap: chr "R Step 7"

  |                                                                         |........................                                         |  38%
  ordinary text without R code

  |                                                                         |.........................                                        |  38%
label: unnamed-chunk-22 (with options) 
List of 2
 $ echo   : logi FALSE
 $ fig.cap: chr "R Step 8"

  |                                                                         |.........................                                        |  39%
  ordinary text without R code

  |                                                                         |..........................                                       |  40%
label: unnamed-chunk-23 (with options) 
List of 2
 $ echo   : logi FALSE
 $ fig.cap: chr "R Step 9"

  |                                                                         |...........................                                      |  41%
  ordinary text without R code

  |                                                                         |...........................                                      |  42%
label: unnamed-chunk-24 (with options) 
List of 2
 $ echo   : logi FALSE
 $ fig.cap: chr "R Step 10"

  |                                                                         |............................                                     |  42%
  ordinary text without R code

  |                                                                         |............................                                     |  43%
label: unnamed-chunk-25 (with options) 
List of 1
 $ eval: logi FALSE

  |                                                                         |.............................                                    |  44%
  ordinary text without R code

  |                                                                         |.............................                                    |  45%
label: unnamed-chunk-26
  |                                                                         |..............................                                   |  46%
  ordinary text without R code

  |                                                                         |..............................                                   |  47%
label: unnamed-chunk-27
  |                                                                         |...............................                                  |  48%
  ordinary text without R code


label: unnamed-chunk-28
  |                                                                         |................................                                 |  49%
  ordinary text without R code

  |                                                                         |................................                                 |  50%
label: unnamed-chunk-29 (with options) 
List of 1
 $ error: logi TRUE

  |                                                                         |.................................                                |  51%
  ordinary text without R code

  |                                                                         |..................................                               |  52%
label: unnamed-chunk-30

  ordinary text without R code

  |                                                                         |...................................                              |  53%
label: unnamed-chunk-31
  |                                                                         |...................................                              |  54%
  ordinary text without R code

  |                                                                         |....................................                             |  55%
label: unnamed-chunk-32
  |                                                                         |....................................                             |  56%
  ordinary text without R code

  |                                                                         |.....................................                            |  57%
label: unnamed-chunk-33
  |                                                                         |.....................................                            |  58%
  ordinary text without R code

  |                                                                         |......................................                           |  58%
label: unnamed-chunk-34
  |                                                                         |......................................                           |  59%
  ordinary text without R code

  |                                                                         |.......................................                          |  60%
label: unnamed-chunk-35
  |                                                                         |........................................                         |  61%
  ordinary text without R code

  |                                                                         |........................................                         |  62%
label: unnamed-chunk-36
  |                                                                         |.........................................                        |  62%
  ordinary text without R code

  |                                                                         |.........................................                        |  63%
label: unnamed-chunk-37
  |                                                                         |..........................................                       |  64%
  ordinary text without R code

  |                                                                         |..........................................                       |  65%
label: unnamed-chunk-38
  |                                                                         |...........................................                      |  66%
  ordinary text without R code

  |                                                                         |...........................................                      |  67%
label: unnamed-chunk-39 (with options) 
List of 1
 $ eval: logi FALSE

  |                                                                         |............................................                     |  68%
  ordinary text without R code


label: unnamed-chunk-40 (with options) 
List of 1
 $ indent: chr "> "

  |                                                                         |.............................................                    |  69%
  ordinary text without R code

  |                                                                         |..............................................                   |  70%
label: unnamed-chunk-41 (with options) 
List of 1
 $ indent: chr "> "

  |                                                                         |..............................................                   |  71%
  ordinary text without R code

  |                                                                         |...............................................                  |  72%
label: unnamed-chunk-42

  ordinary text without R code

  |                                                                         |................................................                 |  73%
label: unnamed-chunk-43 (with options) 
List of 1
 $ eval: logi FALSE

  |                                                                         |................................................                 |  74%
  ordinary text without R code

  |                                                                         |.................................................                |  75%
label: unnamed-chunk-44
  |                                                                         |.................................................                |  76%
  ordinary text without R code

  |                                                                         |..................................................               |  77%
label: unnamed-chunk-45 (with options) 
List of 1
 $ error: logi TRUE

  |                                                                         |..................................................               |  78%
  ordinary text without R code

  |                                                                         |...................................................              |  78%
label: unnamed-chunk-46
  |                                                                         |...................................................              |  79%
  ordinary text without R code

  |                                                                         |....................................................             |  80%
label: unnamed-chunk-47
  |                                                                         |.....................................................            |  81%
  ordinary text without R code

  |                                                                         |.....................................................            |  82%
label: unnamed-chunk-48
  |                                                                         |......................................................           |  82%
  ordinary text without R code

  |                                                                         |......................................................           |  83%
label: unnamed-chunk-49
  |                                                                         |.......................................................          |  84%
  ordinary text without R code

  |                                                                         |.......................................................          |  85%
label: unnamed-chunk-50 (with options) 
List of 1
 $ error: logi TRUE

  |                                                                         |........................................................         |  86%
  ordinary text without R code

  |                                                                         |........................................................         |  87%
label: unnamed-chunk-51 (with options) 
List of 1
 $ error: logi TRUE

  |                                                                         |.........................................................        |  88%
  ordinary text without R code


label: unnamed-chunk-52 (with options) 
List of 1
 $ error: logi TRUE

  |                                                                         |..........................................................       |  89%
  ordinary text without R code

  |                                                                         |..........................................................       |  90%
label: unnamed-chunk-53
  |                                                                         |...........................................................      |  91%
  ordinary text without R code

  |                                                                         |............................................................     |  92%
label: unnamed-chunk-54

  ordinary text without R code

  |                                                                         |.............................................................    |  93%
label: unnamed-chunk-55 (with options) 
List of 1
 $ error: logi TRUE

  |                                                                         |.............................................................    |  94%
  ordinary text without R code

  |                                                                         |..............................................................   |  95%
label: unnamed-chunk-56
  |                                                                         |..............................................................   |  96%
  ordinary text without R code

  |                                                                         |...............................................................  |  97%
label: unnamed-chunk-57
  |                                                                         |...............................................................  |  98%
  ordinary text without R code

  |                                                                         |................................................................ |  98%
label: unnamed-chunk-58 (with options) 
List of 1
 $ child: chr "keypoints/nse.md"



processing file: ./keypoints/nse.md
  |                                                                         |                                                                 |   0%  |                                                                         |.................................................................| 100%
  ordinary text without R code


  |                                                                         |................................................................ |  99%
  ordinary text without R code

  |                                                                         |.................................................................| 100%
label: unnamed-chunk-59 (with options) 
List of 1
 $ child: chr "etc/links.md"



processing file: ./etc/links.md
  |                                                                         |                                                                 |   0%  |                                                                         |.................................................................| 100%
  ordinary text without R code



output file: nse.knit.md



processing file: oop.Rmd
  |                                                                         |                                                                 |   0%  |                                                                         |..                                                               |   2%
  ordinary text without R code

  |                                                                         |...                                                              |   5%
label: setup (with options) 
List of 1
 $ include: logi FALSE

  |                                                                         |.....                                                            |   7%
  ordinary text without R code

  |                                                                         |......                                                           |  10%
label: unnamed-chunk-1 (with options) 
List of 1
 $ child: chr "questions/oop.md"



processing file: ./questions/oop.md
  |                                                                         |                                                                 |   0%  |                                                                         |.................................................................| 100%
  ordinary text without R code


  |                                                                         |........                                                         |  12%
  ordinary text without R code

  |                                                                         |.........                                                        |  14%
label: unnamed-chunk-2 (with options) 
List of 1
 $ child: chr "objectives/oop.md"



processing file: ./objectives/oop.md
  |                                                                         |                                                                 |   0%  |                                                                         |.................................................................| 100%
  ordinary text without R code


  |                                                                         |...........                                                      |  17%
  ordinary text without R code

  |                                                                         |............                                                     |  19%
label: unnamed-chunk-3
  |                                                                         |..............                                                   |  21%
  ordinary text without R code

  |                                                                         |...............                                                  |  24%
label: unnamed-chunk-4
  |                                                                         |.................                                                |  26%
  ordinary text without R code

  |                                                                         |...................                                              |  29%
label: unnamed-chunk-5
  |                                                                         |....................                                             |  31%
  ordinary text without R code

  |                                                                         |......................                                           |  33%
label: unnamed-chunk-6
  |                                                                         |.......................                                          |  36%
  ordinary text without R code

  |                                                                         |.........................                                        |  38%
label: unnamed-chunk-7
  |                                                                         |..........................                                       |  40%
  ordinary text without R code

  |                                                                         |............................                                     |  43%
label: unnamed-chunk-8
  |                                                                         |.............................                                    |  45%
  ordinary text without R code

  |                                                                         |...............................                                  |  48%
label: unnamed-chunk-9
  |                                                                         |................................                                 |  50%
  ordinary text without R code

  |                                                                         |..................................                               |  52%
label: unnamed-chunk-10
  |                                                                         |....................................                             |  55%
  ordinary text without R code

  |                                                                         |.....................................                            |  57%
label: unnamed-chunk-11
  |                                                                         |.......................................                          |  60%
  ordinary text without R code

  |                                                                         |........................................                         |  62%
label: unnamed-chunk-12
  |                                                                         |..........................................                       |  64%
  ordinary text without R code

  |                                                                         |...........................................                      |  67%
label: unnamed-chunk-13
  |                                                                         |.............................................                    |  69%
  ordinary text without R code

  |                                                                         |..............................................                   |  71%
label: unnamed-chunk-14 (with options) 
List of 1
 $ error: logi TRUE

  |                                                                         |................................................                 |  74%
  ordinary text without R code

  |                                                                         |..................................................               |  76%
label: unnamed-chunk-15
  |                                                                         |...................................................              |  79%
  ordinary text without R code

  |                                                                         |.....................................................            |  81%
label: unnamed-chunk-16
  |                                                                         |......................................................           |  83%
  ordinary text without R code

  |                                                                         |........................................................         |  86%
label: unnamed-chunk-17
  |                                                                         |.........................................................        |  88%
  ordinary text without R code

  |                                                                         |...........................................................      |  90%
label: unnamed-chunk-18
  |                                                                         |............................................................     |  93%
  ordinary text without R code

  |                                                                         |..............................................................   |  95%
label: unnamed-chunk-19 (with options) 
List of 1
 $ child: chr "keypoints/oop.md"



processing file: ./keypoints/oop.md
  |                                                                         |                                                                 |   0%  |                                                                         |.................................................................| 100%
  ordinary text without R code


  |                                                                         |...............................................................  |  98%
  ordinary text without R code

  |                                                                         |.................................................................| 100%
label: unnamed-chunk-20 (with options) 
List of 1
 $ child: chr "etc/links.md"



processing file: ./etc/links.md
  |                                                                         |                                                                 |   0%  |                                                                         |.................................................................| 100%
  ordinary text without R code



output file: oop.knit.md



processing file: debt.Rmd
  |                                                                         |                                                                 |   0%  |                                                                         |.                                                                |   2%
  ordinary text without R code

  |                                                                         |...                                                              |   4%
label: setup (with options) 
List of 1
 $ include: logi FALSE

  |                                                                         |....                                                             |   6%
  ordinary text without R code

  |                                                                         |.....                                                            |   8%
label: unnamed-chunk-1 (with options) 
List of 1
 $ child: chr "questions/debt.md"



processing file: ./questions/debt.md
  |                                                                         |                                                                 |   0%  |                                                                         |.................................................................| 100%
  ordinary text without R code


  |                                                                         |.......                                                          |  10%
  ordinary text without R code

  |                                                                         |........                                                         |  12%
label: unnamed-chunk-2 (with options) 
List of 1
 $ child: chr "objectives/debt.md"



processing file: ./objectives/debt.md
  |                                                                         |                                                                 |   0%  |                                                                         |.................................................................| 100%
  ordinary text without R code


  |                                                                         |.........                                                        |  15%
  ordinary text without R code

  |                                                                         |...........                                                      |  17%
label: unnamed-chunk-3 (with options) 
List of 1
 $ eval: logi FALSE

  |                                                                         |............                                                     |  19%
  ordinary text without R code

  |                                                                         |..............                                                   |  21%
label: unnamed-chunk-4 (with options) 
List of 1
 $ eval: logi FALSE

  |                                                                         |...............                                                  |  23%
  ordinary text without R code

  |                                                                         |................                                                 |  25%
label: unnamed-chunk-5
  |                                                                         |..................                                               |  27%
  ordinary text without R code

  |                                                                         |...................                                              |  29%
label: unnamed-chunk-6
  |                                                                         |....................                                             |  31%
  ordinary text without R code

  |                                                                         |......................                                           |  33%
label: unnamed-chunk-7
  |                                                                         |.......................                                          |  35%
  ordinary text without R code

  |                                                                         |........................                                         |  38%
label: unnamed-chunk-8
  |                                                                         |..........................                                       |  40%
  ordinary text without R code

  |                                                                         |...........................                                      |  42%
label: unnamed-chunk-9
  |                                                                         |............................                                     |  44%
  ordinary text without R code

  |                                                                         |..............................                                   |  46%
label: unnamed-chunk-10
  |                                                                         |...............................                                  |  48%
  ordinary text without R code

  |                                                                         |................................                                 |  50%
label: unnamed-chunk-11
  |                                                                         |..................................                               |  52%
  ordinary text without R code

  |                                                                         |...................................                              |  54%
label: simple_bar_chart
  |                                                                         |.....................................                            |  56%
  ordinary text without R code

  |                                                                         |......................................                           |  58%
label: unnamed-chunk-12
  |                                                                         |.......................................                          |  60%
  ordinary text without R code

  |                                                                         |.........................................                        |  62%
label: unnamed-chunk-13
  |                                                                         |..........................................                       |  65%
  ordinary text without R code

  |                                                                         |...........................................                      |  67%
label: unnamed-chunk-14
  |                                                                         |.............................................                    |  69%
  ordinary text without R code

  |                                                                         |..............................................                   |  71%
label: unnamed-chunk-15
  |                                                                         |...............................................                  |  73%
  ordinary text without R code

  |                                                                         |.................................................                |  75%
label: unnamed-chunk-16
  |                                                                         |..................................................               |  77%
  ordinary text without R code

  |                                                                         |...................................................              |  79%
label: unnamed-chunk-17
  |                                                                         |.....................................................            |  81%
  ordinary text without R code

  |                                                                         |......................................................           |  83%
label: unnamed-chunk-18
  |                                                                         |........................................................         |  85%
  ordinary text without R code

  |                                                                         |.........................................................        |  88%
label: unnamed-chunk-19
  |                                                                         |..........................................................       |  90%
  ordinary text without R code

  |                                                                         |............................................................     |  92%
label: unnamed-chunk-20
  |                                                                         |.............................................................    |  94%
  ordinary text without R code

  |                                                                         |..............................................................   |  96%
label: unnamed-chunk-21 (with options) 
List of 1
 $ child: chr "keypoints/debt.md"



processing file: ./keypoints/debt.md
  |                                                                         |                                                                 |   0%  |                                                                         |.................................................................| 100%
  ordinary text without R code


  |                                                                         |................................................................ |  98%
  ordinary text without R code

  |                                                                         |.................................................................| 100%
label: unnamed-chunk-22 (with options) 
List of 1
 $ child: chr "etc/links.md"



processing file: ./etc/links.md
  |                                                                         |                                                                 |   0%  |                                                                         |.................................................................| 100%
  ordinary text without R code



output file: debt.knit.md



processing file: projects.Rmd
  |                                                                         |                                                                 |   0%  |                                                                         |...                                                              |   4%
  ordinary text without R code

  |                                                                         |.....                                                            |   8%
label: setup (with options) 
List of 1
 $ include: logi FALSE

  |                                                                         |........                                                         |  12%
  ordinary text without R code

  |                                                                         |...........                                                      |  17%
label: unnamed-chunk-1 (with options) 
List of 1
 $ child: chr "questions/projects.md"



processing file: ./questions/projects.md
  |                                                                         |                                                                 |   0%  |                                                                         |.................................................................| 100%
  ordinary text without R code


  |                                                                         |..............                                                   |  21%
  ordinary text without R code

  |                                                                         |................                                                 |  25%
label: unnamed-chunk-2 (with options) 
List of 1
 $ child: chr "objectives/projects.md"



processing file: ./objectives/projects.md
  |                                                                         |                                                                 |   0%  |                                                                         |.................................................................| 100%
  ordinary text without R code


  |                                                                         |...................                                              |  29%
  ordinary text without R code

  |                                                                         |......................                                           |  33%
label: unnamed-chunk-3 (with options) 
List of 1
 $ eval: logi FALSE

  |                                                                         |........................                                         |  38%
  ordinary text without R code

  |                                                                         |...........................                                      |  42%
label: unnamed-chunk-4 (with options) 
List of 2
 $ echo   : logi FALSE
 $ fig.cap: chr "RStudio Project Creation Wizard"

  |                                                                         |..............................                                   |  46%
  ordinary text without R code

  |                                                                         |................................                                 |  50%
label: unnamed-chunk-5 (with options) 
List of 1
 $ eval: logi FALSE

  |                                                                         |...................................                              |  54%
  ordinary text without R code

  |                                                                         |......................................                           |  58%
label: unnamed-chunk-6 (with options) 
List of 1
 $ eval: logi FALSE

  |                                                                         |.........................................                        |  62%
  ordinary text without R code

  |                                                                         |...........................................                      |  67%
label: unnamed-chunk-7 (with options) 
List of 1
 $ eval: logi FALSE

  |                                                                         |..............................................                   |  71%
  ordinary text without R code

  |                                                                         |.................................................                |  75%
label: unnamed-chunk-8 (with options) 
List of 1
 $ eval: logi FALSE

  |                                                                         |...................................................              |  79%
  ordinary text without R code

  |                                                                         |......................................................           |  83%
label: unnamed-chunk-9 (with options) 
List of 1
 $ eval: logi FALSE

  |                                                                         |.........................................................        |  88%
  ordinary text without R code

  |                                                                         |............................................................     |  92%
label: unnamed-chunk-10 (with options) 
List of 1
 $ child: chr "keypoints/projects.md"



processing file: ./keypoints/projects.md
  |                                                                         |                                                                 |   0%  |                                                                         |.................................................................| 100%
  ordinary text without R code


  |                                                                         |..............................................................   |  96%
  ordinary text without R code

  |                                                                         |.................................................................| 100%
label: unnamed-chunk-11 (with options) 
List of 1
 $ child: chr "etc/links.md"



processing file: ./etc/links.md
  |                                                                         |                                                                 |   0%  |                                                                         |.................................................................| 100%
  ordinary text without R code



output file: projects.knit.md



processing file: shiny.Rmd
  |                                                                         |                                                                 |   0%  |                                                                         |.                                                                |   1%
  ordinary text without R code

  |                                                                         |..                                                               |   3%
label: setup (with options) 
List of 1
 $ include: logi FALSE

  |                                                                         |...                                                              |   4%
  ordinary text without R code

  |                                                                         |...                                                              |   5%
label: unnamed-chunk-1 (with options) 
List of 1
 $ child: chr "questions/shiny.md"



processing file: ./questions/shiny.md
  |                                                                         |                                                                 |   0%  |                                                                         |.................................................................| 100%
  ordinary text without R code


  |                                                                         |....                                                             |   7%
  ordinary text without R code

  |                                                                         |.....                                                            |   8%
label: unnamed-chunk-2 (with options) 
List of 1
 $ child: chr "objectives/shiny.md"



processing file: ./objectives/shiny.md
  |                                                                         |                                                                 |   0%  |                                                                         |.................................................................| 100%
  ordinary text without R code


  |                                                                         |......                                                           |   9%
  ordinary text without R code

  |                                                                         |.......                                                          |  11%
label: unnamed-chunk-3 (with options) 
List of 1
 $ eval: logi FALSE

  |                                                                         |........                                                         |  12%
  ordinary text without R code

  |                                                                         |.........                                                        |  13%
label: unnamed-chunk-4 (with options) 
List of 1
 $ eval: logi FALSE

  |                                                                         |.........                                                        |  14%
  ordinary text without R code

  |                                                                         |..........                                                       |  16%
label: unnamed-chunk-5 (with options) 
List of 1
 $ eval: logi FALSE

  |                                                                         |...........                                                      |  17%
  ordinary text without R code

  |                                                                         |............                                                     |  18%
label: unnamed-chunk-6 (with options) 
List of 1
 $ eval: logi FALSE

  |                                                                         |.............                                                    |  20%
  ordinary text without R code

  |                                                                         |..............                                                   |  21%
label: unnamed-chunk-7 (with options) 
List of 1
 $ eval: logi FALSE

  |                                                                         |...............                                                  |  22%
  ordinary text without R code

  |                                                                         |...............                                                  |  24%
label: unnamed-chunk-8 (with options) 
List of 1
 $ eval: logi FALSE

  |                                                                         |................                                                 |  25%
  ordinary text without R code

  |                                                                         |.................                                                |  26%
label: unnamed-chunk-9 (with options) 
List of 1
 $ eval: logi FALSE

  |                                                                         |..................                                               |  28%
  ordinary text without R code

  |                                                                         |...................                                              |  29%
label: unnamed-chunk-10
  |                                                                         |....................                                             |  30%
  ordinary text without R code

  |                                                                         |.....................                                            |  32%
label: unnamed-chunk-11 (with options) 
List of 1
 $ eval: logi FALSE

  |                                                                         |.....................                                            |  33%
  ordinary text without R code

  |                                                                         |......................                                           |  34%
label: unnamed-chunk-12
  |                                                                         |.......................                                          |  36%
  ordinary text without R code

  |                                                                         |........................                                         |  37%
label: unnamed-chunk-13 (with options) 
List of 1
 $ eval: logi FALSE

  |                                                                         |.........................                                        |  38%
  ordinary text without R code

  |                                                                         |..........................                                       |  39%
label: unnamed-chunk-14
  |                                                                         |...........................                                      |  41%
  ordinary text without R code

  |                                                                         |...........................                                      |  42%
label: unnamed-chunk-15
  |                                                                         |............................                                     |  43%
  ordinary text without R code

  |                                                                         |.............................                                    |  45%
label: unnamed-chunk-16 (with options) 
List of 1
 $ eval: logi FALSE

  |                                                                         |..............................                                   |  46%
  ordinary text without R code

  |                                                                         |...............................                                  |  47%
label: unnamed-chunk-17 (with options) 
List of 1
 $ eval: logi FALSE

  |                                                                         |................................                                 |  49%
  ordinary text without R code

  |                                                                         |................................                                 |  50%
label: unnamed-chunk-18
  |                                                                         |.................................                                |  51%
  ordinary text without R code

  |                                                                         |..................................                               |  53%
label: unnamed-chunk-19 (with options) 
List of 1
 $ eval: logi FALSE

  |                                                                         |...................................                              |  54%
  ordinary text without R code

  |                                                                         |....................................                             |  55%
label: unnamed-chunk-20 (with options) 
List of 1
 $ echo: logi FALSE

  |                                                                         |.....................................                            |  57%
  ordinary text without R code

  |                                                                         |......................................                           |  58%
label: unnamed-chunk-21 (with options) 
List of 1
 $ eval: logi FALSE

  |                                                                         |......................................                           |  59%
  ordinary text without R code

  |                                                                         |.......................................                          |  61%
label: unnamed-chunk-22 (with options) 
List of 1
 $ eval: logi FALSE

  |                                                                         |........................................                         |  62%
  ordinary text without R code

  |                                                                         |.........................................                        |  63%
label: unnamed-chunk-23 (with options) 
List of 1
 $ eval: logi FALSE

  |                                                                         |..........................................                       |  64%
  ordinary text without R code

  |                                                                         |...........................................                      |  66%
label: unnamed-chunk-24 (with options) 
List of 1
 $ eval: logi FALSE

  |                                                                         |............................................                     |  67%
  ordinary text without R code

  |                                                                         |............................................                     |  68%
label: unnamed-chunk-25 (with options) 
List of 1
 $ eval: logi FALSE

  |                                                                         |.............................................                    |  70%
  ordinary text without R code

  |                                                                         |..............................................                   |  71%
label: unnamed-chunk-26 (with options) 
List of 1
 $ eval: logi FALSE

  |                                                                         |...............................................                  |  72%
  ordinary text without R code

  |                                                                         |................................................                 |  74%
label: unnamed-chunk-27 (with options) 
List of 1
 $ eval: logi FALSE

  |                                                                         |.................................................                |  75%
  ordinary text without R code

  |                                                                         |..................................................               |  76%
label: unnamed-chunk-28 (with options) 
List of 1
 $ eval: logi FALSE

  |                                                                         |..................................................               |  78%
  ordinary text without R code

  |                                                                         |...................................................              |  79%
label: unnamed-chunk-29
  |                                                                         |....................................................             |  80%
  ordinary text without R code

  |                                                                         |.....................................................            |  82%
label: unnamed-chunk-30
  |                                                                         |......................................................           |  83%
  ordinary text without R code

  |                                                                         |.......................................................          |  84%
label: unnamed-chunk-31 (with options) 
List of 1
 $ eval: logi FALSE

  |                                                                         |........................................................         |  86%
  ordinary text without R code

  |                                                                         |........................................................         |  87%
label: unnamed-chunk-32 (with options) 
List of 1
 $ eval: logi FALSE

  |                                                                         |.........................................................        |  88%
  ordinary text without R code

  |                                                                         |..........................................................       |  89%
label: unnamed-chunk-33 (with options) 
List of 1
 $ eval: logi FALSE

  |                                                                         |...........................................................      |  91%
  ordinary text without R code

  |                                                                         |............................................................     |  92%
label: unnamed-chunk-34 (with options) 
List of 1
 $ eval: logi FALSE

  |                                                                         |.............................................................    |  93%
  ordinary text without R code

  |                                                                         |..............................................................   |  95%
label: unnamed-chunk-35 (with options) 
List of 1
 $ eval: logi FALSE

  |                                                                         |..............................................................   |  96%
  ordinary text without R code

  |                                                                         |...............................................................  |  97%
label: unnamed-chunk-36 (with options) 
List of 1
 $ child: chr "keypoints/shiny.md"



processing file: ./keypoints/shiny.md
  |                                                                         |                                                                 |   0%  |                                                                         |.................................................................| 100%
  ordinary text without R code


  |                                                                         |................................................................ |  99%
  ordinary text without R code

  |                                                                         |.................................................................| 100%
label: unnamed-chunk-37 (with options) 
List of 1
 $ child: chr "etc/links.md"



processing file: ./etc/links.md
  |                                                                         |                                                                 |   0%  |                                                                         |.................................................................| 100%
  ordinary text without R code



output file: shiny.knit.md



processing file: python.Rmd
  |                                                                         |                                                                 |   0%  |                                                                         |..                                                               |   3%
  ordinary text without R code

  |                                                                         |....                                                             |   6%
label: setup (with options) 
List of 1
 $ include: logi FALSE

  |                                                                         |......                                                           |   9%
  ordinary text without R code

  |                                                                         |........                                                         |  12%
label: unnamed-chunk-1 (with options) 
List of 1
 $ child: chr "questions/reticulate.md"



processing file: ./questions/reticulate.md
  |                                                                         |                                                                 |   0%  |                                                                         |.................................................................| 100%
  ordinary text without R code


  |                                                                         |..........                                                       |  15%
  ordinary text without R code

  |                                                                         |...........                                                      |  18%
label: unnamed-chunk-2 (with options) 
List of 1
 $ child: chr "objectives/reticulate.md"



processing file: ./objectives/reticulate.md
  |                                                                         |                                                                 |   0%  |                                                                         |.................................................................| 100%
  ordinary text without R code


  |                                                                         |.............                                                    |  21%
  ordinary text without R code

  |                                                                         |...............                                                  |  24%
label: unnamed-chunk-3 (with options) 
List of 1
 $ engine: chr "python"

  |                                                                         |.................                                                |  26%
  ordinary text without R code

  |                                                                         |...................                                              |  29%
label: unnamed-chunk-4
  |                                                                         |.....................                                            |  32%
  ordinary text without R code

  |                                                                         |.......................                                          |  35%
label: unnamed-chunk-5 (with options) 
List of 1
 $ engine: chr "python"

  |                                                                         |.........................                                        |  38%
  ordinary text without R code

  |                                                                         |...........................                                      |  41%
label: unnamed-chunk-6
  |                                                                         |.............................                                    |  44%
  ordinary text without R code

  |                                                                         |...............................                                  |  47%
label: unnamed-chunk-7
  |                                                                         |................................                                 |  50%
  ordinary text without R code

  |                                                                         |..................................                               |  53%
label: unnamed-chunk-8
  |                                                                         |....................................                             |  56%
  ordinary text without R code

  |                                                                         |......................................                           |  59%
label: unnamed-chunk-9 (with options) 
List of 1
 $ engine: chr "python"

  |                                                                         |........................................                         |  62%
  ordinary text without R code

  |                                                                         |..........................................                       |  65%
label: unnamed-chunk-10
  |                                                                         |............................................                     |  68%
  ordinary text without R code

  |                                                                         |..............................................                   |  71%
label: unnamed-chunk-11 (with options) 
List of 3
 $ code  : language readLines("countries.py")
 $ eval  : logi FALSE
 $ engine: chr "python"

  |                                                                         |................................................                 |  74%
  ordinary text without R code

  |                                                                         |..................................................               |  76%
label: unnamed-chunk-12
  |                                                                         |....................................................             |  79%
  ordinary text without R code

  |                                                                         |......................................................           |  82%
label: unnamed-chunk-13
  |                                                                         |.......................................................          |  85%
  ordinary text without R code

  |                                                                         |.........................................................        |  88%
label: unnamed-chunk-14 (with options) 
List of 2
 $ eval  : logi FALSE
 $ engine: chr "python"

  |                                                                         |...........................................................      |  91%
  ordinary text without R code

  |                                                                         |.............................................................    |  94%
label: unnamed-chunk-15 (with options) 
List of 1
 $ child: chr "keypoints/reticulate.md"



processing file: ./keypoints/reticulate.md
  |                                                                         |                                                                 |   0%  |                                                                         |.................................................................| 100%
  ordinary text without R code


  |                                                                         |...............................................................  |  97%
  ordinary text without R code

  |                                                                         |.................................................................| 100%
label: unnamed-chunk-16 (with options) 
List of 1
 $ child: chr "etc/links.md"



processing file: ./etc/links.md
  |                                                                         |                                                                 |   0%  |                                                                         |.................................................................| 100%
  ordinary text without R code



output file: python.knit.md



processing file: references.Rmd
  |                                                                         |                                                                 |   0%  |                                                                         |................................                                 |  50%
   inline R code fragments

  |                                                                         |.................................................................| 100%
label: unnamed-chunk-1 (with options) 
List of 1
 $ child: chr "etc/links.md"



processing file: ./etc/links.md
  |                                                                         |                                                                 |   0%  |                                                                         |.................................................................| 100%
  ordinary text without R code



output file: references.knit.md



processing file: appendix.Rmd
  |                                                                         |                                                                 |   0%  |                                                                         |.................................................................| 100%
  ordinary text without R code


output file: appendix.knit.md



processing file: objectives.Rmd
  |                                                                         |                                                                 |   0%  |                                                                         |..                                                               |   4%
  ordinary text without R code

  |                                                                         |.....                                                            |   7%
label: setup (with options) 
List of 1
 $ include: logi FALSE

  |                                                                         |.......                                                          |  11%
  ordinary text without R code

  |                                                                         |.........                                                        |  14%
label: unnamed-chunk-1 (with options) 
List of 1
 $ child: chr "objectives/basics.md"



processing file: ./objectives/basics.md
  |                                                                         |                                                                 |   0%  |                                                                         |.................................................................| 100%
  ordinary text without R code


  |                                                                         |............                                                     |  18%
  ordinary text without R code

  |                                                                         |..............                                                   |  21%
label: unnamed-chunk-2 (with options) 
List of 1
 $ child: chr "objectives/indexing.md"



processing file: ./objectives/indexing.md
  |                                                                         |                                                                 |   0%  |                                                                         |.................................................................| 100%
  ordinary text without R code


  |                                                                         |................                                                 |  25%
  ordinary text without R code

  |                                                                         |...................                                              |  29%
label: unnamed-chunk-3 (with options) 
List of 1
 $ child: chr "objectives/control.md"



processing file: ./objectives/control.md
  |                                                                         |                                                                 |   0%  |                                                                         |.................................................................| 100%
  ordinary text without R code


  |                                                                         |.....................                                            |  32%
  ordinary text without R code

  |                                                                         |.......................                                          |  36%
label: unnamed-chunk-4 (with options) 
List of 1
 $ child: chr "objectives/tidyverse.md"



processing file: ./objectives/tidyverse.md
  |                                                                         |                                                                 |   0%  |                                                                         |.................................................................| 100%
  ordinary text without R code


  |                                                                         |..........................                                       |  39%
  ordinary text without R code

  |                                                                         |............................                                     |  43%
label: unnamed-chunk-5 (with options) 
List of 1
 $ child: chr "objectives/cleanup.md"



processing file: ./objectives/cleanup.md
  |                                                                         |                                                                 |   0%  |                                                                         |.................................................................| 100%
  ordinary text without R code


  |                                                                         |..............................                                   |  46%
  ordinary text without R code

  |                                                                         |................................                                 |  50%
label: unnamed-chunk-6 (with options) 
List of 1
 $ child: chr "objectives/testerror.md"



processing file: ./objectives/testerror.md
  |                                                                         |                                                                 |   0%  |                                                                         |.................................................................| 100%
  ordinary text without R code


  |                                                                         |...................................                              |  54%
  ordinary text without R code

  |                                                                         |.....................................                            |  57%
label: unnamed-chunk-7 (with options) 
List of 1
 $ child: chr "objectives/nse.md"



processing file: ./objectives/nse.md
  |                                                                         |                                                                 |   0%  |                                                                         |.................................................................| 100%
  ordinary text without R code


  |                                                                         |.......................................                          |  61%
  ordinary text without R code

  |                                                                         |..........................................                       |  64%
label: unnamed-chunk-8 (with options) 
List of 1
 $ child: chr "objectives/oop.md"



processing file: ./objectives/oop.md
  |                                                                         |                                                                 |   0%  |                                                                         |.................................................................| 100%
  ordinary text without R code


  |                                                                         |............................................                     |  68%
  ordinary text without R code

  |                                                                         |..............................................                   |  71%
label: unnamed-chunk-9 (with options) 
List of 1
 $ child: chr "objectives/debt.md"



processing file: ./objectives/debt.md
  |                                                                         |                                                                 |   0%  |                                                                         |.................................................................| 100%
  ordinary text without R code


  |                                                                         |.................................................                |  75%
  ordinary text without R code

  |                                                                         |...................................................              |  79%
label: unnamed-chunk-10 (with options) 
List of 1
 $ child: chr "objectives/projects.md"



processing file: ./objectives/projects.md
  |                                                                         |                                                                 |   0%  |                                                                         |.................................................................| 100%
  ordinary text without R code


  |                                                                         |.....................................................            |  82%
  ordinary text without R code

  |                                                                         |........................................................         |  86%
label: unnamed-chunk-11 (with options) 
List of 1
 $ child: chr "objectives/shiny.md"



processing file: ./objectives/shiny.md
  |                                                                         |                                                                 |   0%  |                                                                         |.................................................................| 100%
  ordinary text without R code


  |                                                                         |..........................................................       |  89%
  ordinary text without R code

  |                                                                         |............................................................     |  93%
label: unnamed-chunk-12 (with options) 
List of 1
 $ child: chr "objectives/reticulate.md"



processing file: ./objectives/reticulate.md
  |                                                                         |                                                                 |   0%  |                                                                         |.................................................................| 100%
  ordinary text without R code


  |                                                                         |...............................................................  |  96%
  ordinary text without R code

  |                                                                         |.................................................................| 100%
label: unnamed-chunk-13 (with options) 
List of 1
 $ child: chr "etc/links.md"



processing file: ./etc/links.md
  |                                                                         |                                                                 |   0%  |                                                                         |.................................................................| 100%
  ordinary text without R code



output file: objectives.knit.md



processing file: keypoints.Rmd
  |                                                                         |                                                                 |   0%  |                                                                         |..                                                               |   4%
  ordinary text without R code

  |                                                                         |.....                                                            |   7%
label: setup (with options) 
List of 1
 $ include: logi FALSE

  |                                                                         |.......                                                          |  11%
  ordinary text without R code

  |                                                                         |.........                                                        |  14%
label: unnamed-chunk-1 (with options) 
List of 1
 $ child: chr "keypoints/basics.md"



processing file: ./keypoints/basics.md
  |                                                                         |                                                                 |   0%  |                                                                         |.................................................................| 100%
  ordinary text without R code


  |                                                                         |............                                                     |  18%
  ordinary text without R code

  |                                                                         |..............                                                   |  21%
label: unnamed-chunk-2 (with options) 
List of 1
 $ child: chr "keypoints/indexing.md"



processing file: ./keypoints/indexing.md
  |                                                                         |                                                                 |   0%  |                                                                         |.................................................................| 100%
  ordinary text without R code


  |                                                                         |................                                                 |  25%
  ordinary text without R code

  |                                                                         |...................                                              |  29%
label: unnamed-chunk-3 (with options) 
List of 1
 $ child: chr "keypoints/control.md"



processing file: ./keypoints/control.md
  |                                                                         |                                                                 |   0%  |                                                                         |.................................................................| 100%
  ordinary text without R code


  |                                                                         |.....................                                            |  32%
  ordinary text without R code

  |                                                                         |.......................                                          |  36%
label: unnamed-chunk-4 (with options) 
List of 1
 $ child: chr "keypoints/tidyverse.md"



processing file: ./keypoints/tidyverse.md
  |                                                                         |                                                                 |   0%  |                                                                         |.................................................................| 100%
  ordinary text without R code


  |                                                                         |..........................                                       |  39%
  ordinary text without R code

  |                                                                         |............................                                     |  43%
label: unnamed-chunk-5 (with options) 
List of 1
 $ child: chr "keypoints/cleanup.md"



processing file: ./keypoints/cleanup.md
  |                                                                         |                                                                 |   0%  |                                                                         |.................................................................| 100%
  ordinary text without R code


  |                                                                         |..............................                                   |  46%
  ordinary text without R code

  |                                                                         |................................                                 |  50%
label: unnamed-chunk-6 (with options) 
List of 1
 $ child: chr "keypoints/testerror.md"



processing file: ./keypoints/testerror.md
  |                                                                         |                                                                 |   0%  |                                                                         |.................................................................| 100%
  ordinary text without R code


  |                                                                         |...................................                              |  54%
  ordinary text without R code

  |                                                                         |.....................................                            |  57%
label: unnamed-chunk-7 (with options) 
List of 1
 $ child: chr "keypoints/nse.md"



processing file: ./keypoints/nse.md
  |                                                                         |                                                                 |   0%  |                                                                         |.................................................................| 100%
  ordinary text without R code


  |                                                                         |.......................................                          |  61%
  ordinary text without R code

  |                                                                         |..........................................                       |  64%
label: unnamed-chunk-8 (with options) 
List of 1
 $ child: chr "keypoints/oop.md"



processing file: ./keypoints/oop.md
  |                                                                         |                                                                 |   0%  |                                                                         |.................................................................| 100%
  ordinary text without R code


  |                                                                         |............................................                     |  68%
  ordinary text without R code

  |                                                                         |..............................................                   |  71%
label: unnamed-chunk-9 (with options) 
List of 1
 $ child: chr "keypoints/debt.md"



processing file: ./keypoints/debt.md
  |                                                                         |                                                                 |   0%  |                                                                         |.................................................................| 100%
  ordinary text without R code


  |                                                                         |.................................................                |  75%
  ordinary text without R code

  |                                                                         |...................................................              |  79%
label: unnamed-chunk-10 (with options) 
List of 1
 $ child: chr "keypoints/projects.md"



processing file: ./keypoints/projects.md
  |                                                                         |                                                                 |   0%  |                                                                         |.................................................................| 100%
  ordinary text without R code


  |                                                                         |.....................................................            |  82%
  ordinary text without R code

  |                                                                         |........................................................         |  86%
label: unnamed-chunk-11 (with options) 
List of 1
 $ child: chr "keypoints/shiny.md"



processing file: ./keypoints/shiny.md
  |                                                                         |                                                                 |   0%  |                                                                         |.................................................................| 100%
  ordinary text without R code


  |                                                                         |..........................................................       |  89%
  ordinary text without R code

  |                                                                         |............................................................     |  93%
label: unnamed-chunk-12 (with options) 
List of 1
 $ child: chr "keypoints/reticulate.md"



processing file: ./keypoints/reticulate.md
  |                                                                         |                                                                 |   0%  |                                                                         |.................................................................| 100%
  ordinary text without R code


  |                                                                         |...............................................................  |  96%
  ordinary text without R code

  |                                                                         |.................................................................| 100%
label: unnamed-chunk-13 (with options) 
List of 1
 $ child: chr "etc/links.md"



processing file: ./etc/links.md
  |                                                                         |                                                                 |   0%  |                                                                         |.................................................................| 100%
  ordinary text without R code



output file: keypoints.knit.md

/usr/local/bin/pandoc +RTS -K512m -RTS tidynomicon.utf8.md --to html4 --from markdown+autolink_bare_uris+ascii_identifiers+tex_math_single_backslash+smart --output tidynomicon.html --email-obfuscation none --wrap preserve --standalone --section-divs --table-of-contents --toc-depth 3 --template /Library/Frameworks/R.framework/Versions/3.5/Resources/library/bookdown/templates/gitbook.html --highlight-style tango --number-sections --css style.css --include-in-header /var/folders/cg/b541v521215207m3fnkzd77w0000gn/T//RtmpFhsu6F/rmarkdown-str8f7c58a27604.html --mathjax --filter /usr/local/bin/pandoc-citeproc 

Output created: docs/index.html
[1] "/Users/gvwilson/tidynomicon/docs/index.html"
